[2026-05-31T21:23:05.225Z] INFO: Server running on port 5000
[2026-05-31T21:24:11.167Z] INFO: server running on port 5000
[2026-05-31T21:25:09.313Z] INFO: server running on port 5000
[2026-05-31T21:31:08.414Z] INFO: server running on port 5000
[2026-05-31T21:31:21.413Z] INFO: server running on port 5000
[2026-05-31T21:31:57.672Z] INFO: server running on port 5000
[2026-05-31T21:32:12.033Z] INFO: server running on port 5000
[2026-05-31T21:32:42.202Z] INFO: server running on port 5000
[2026-05-31T21:32:54.656Z] INFO: server running on port 5000
[2026-05-31T21:41:05.876Z] INFO: Starting Gmail worker.
[2026-05-31T21:41:06.082Z] INFO: server running on port 5000
[2026-05-31T21:42:00.038Z] INFO: Running Gmail parser job.
[2026-05-31T21:42:04.112Z] ERROR: Command failed
[2026-05-31T21:43:00.021Z] INFO: Running Gmail parser job.
[2026-05-31T21:43:03.924Z] ERROR: Command failed
[2026-05-31T21:44:00.061Z] INFO: Running Gmail parser job.
[2026-05-31T21:44:04.211Z] ERROR: Command failed
[2026-05-31T21:45:00.062Z] INFO: Running Gmail parser job.
[2026-05-31T21:45:03.991Z] ERROR: Command failed
[2026-05-31T21:46:00.015Z] INFO: Running Gmail parser job.
[2026-05-31T21:46:02.984Z] ERROR: Command failed
[2026-05-31T21:47:00.019Z] INFO: Running Gmail parser job.
[2026-05-31T21:47:04.012Z] ERROR: Command failed
[2026-05-31T21:48:00.029Z] INFO: Running Gmail parser job.
[2026-05-31T21:48:04.183Z] ERROR: Command failed
[2026-05-31T21:48:55.488Z] INFO: Starting Gmail worker.
[2026-05-31T21:48:55.530Z] INFO: server running on port 5000
[2026-05-31T21:49:00.021Z] INFO: Running Gmail parser job.
[2026-05-31T21:49:03.916Z] ERROR: Command failed
[2026-05-31T21:49:08.998Z] INFO: Starting Gmail worker.
[2026-05-31T21:49:09.040Z] INFO: server running on port 5000
[2026-05-31T21:49:24.277Z] INFO: Starting Gmail worker.
[2026-05-31T21:49:24.304Z] INFO: server running on port 5000
[2026-05-31T21:49:35.434Z] INFO: Starting Gmail worker.
[2026-05-31T21:49:35.476Z] INFO: server running on port 5000
[2026-05-31T21:50:00.047Z] INFO: Running Gmail parser job.
[2026-05-31T21:50:04.270Z] ERROR: Command failed
[2026-05-31T21:50:06.847Z] INFO: Starting Gmail worker.
[2026-05-31T21:50:06.878Z] INFO: server running on port 5000
[2026-05-31T21:50:21.427Z] INFO: Starting Gmail worker.
[2026-05-31T21:50:21.478Z] INFO: server running on port 5000
[2026-05-31T21:50:42.385Z] INFO: Starting Gmail worker.
[2026-05-31T21:50:42.409Z] INFO: server running on port 5000
[2026-05-31T21:50:56.370Z] INFO: Starting Gmail worker.
[2026-05-31T21:50:56.432Z] INFO: server running on port 5000
[2026-05-31T21:51:00.066Z] INFO: Running Gmail parser job.
[2026-05-31T21:51:03.899Z] ERROR: Command failed
[2026-05-31T21:51:14.552Z] INFO: Starting Gmail worker.
[2026-05-31T21:51:14.580Z] INFO: server running on port 5000
[2026-05-31T21:51:30.850Z] INFO: Starting Gmail worker.
[2026-05-31T21:51:30.884Z] INFO: server running on port 5000
[2026-05-31T21:52:00.044Z] INFO: Running Gmail parser job.
[2026-05-31T21:52:04.201Z] ERROR: Command failed
[2026-05-31T21:52:56.551Z] INFO: Starting Gmail worker.
[2026-05-31T21:52:56.586Z] INFO: server running on port 5000
[2026-05-31T21:53:00.044Z] INFO: Running Gmail parser job.
[2026-05-31T21:53:04.213Z] ERROR: Command failed
[2026-05-31T21:54:00.028Z] INFO: Running Gmail parser job.
[2026-05-31T21:54:04.240Z] ERROR: Command failed
[2026-05-31T21:55:00.038Z] INFO: Running Gmail parser job.
[2026-05-31T21:55:04.256Z] ERROR: Command failed
[2026-05-31T21:55:56.902Z] INFO: Starting Gmail worker.
[2026-05-31T21:55:56.929Z] INFO: server running on port 5000
[2026-05-31T21:56:00.046Z] INFO: Running Gmail parser job.
[2026-05-31T21:56:03.060Z] INFO: Connected to IMAP server.
[2026-05-31T21:56:04.363Z] INFO: Found 0 unread emails.
[2026-05-31T21:56:04.662Z] INFO: IMAP session closed.
[2026-05-31T21:57:00.048Z] INFO: Running Gmail parser job.
[2026-05-31T21:57:02.743Z] INFO: Connected to IMAP server.
[2026-05-31T21:57:03.960Z] INFO: Found 0 unread emails.
[2026-05-31T21:57:04.255Z] INFO: IMAP session closed.
[2026-05-31T21:58:00.039Z] INFO: Running Gmail parser job.
[2026-05-31T21:58:02.849Z] INFO: Connected to IMAP server.
[2026-05-31T21:58:04.006Z] INFO: Found 0 unread emails.
[2026-05-31T21:58:04.298Z] INFO: IMAP session closed.
[2026-05-31T21:59:00.046Z] INFO: Running Gmail parser job.
[2026-05-31T21:59:02.945Z] INFO: Connected to IMAP server.
[2026-05-31T21:59:04.128Z] INFO: Found 0 unread emails.
[2026-05-31T21:59:04.422Z] INFO: IMAP session closed.
[2026-05-31T22:00:00.045Z] INFO: Running Gmail parser job.
[2026-05-31T22:00:02.692Z] INFO: Connected to IMAP server.
[2026-05-31T22:00:03.855Z] INFO: Found 0 unread emails.
[2026-05-31T22:00:04.152Z] INFO: IMAP session closed.
[2026-05-31T22:01:00.034Z] INFO: Running Gmail parser job.
[2026-05-31T22:01:02.822Z] INFO: Connected to IMAP server.
[2026-05-31T22:01:04.018Z] INFO: Found 0 unread emails.
[2026-05-31T22:01:04.315Z] INFO: IMAP session closed.
[2026-05-31T22:02:00.029Z] INFO: Running Gmail parser job.
[2026-05-31T22:02:02.757Z] INFO: Connected to IMAP server.
[2026-05-31T22:02:03.936Z] INFO: Found 0 unread emails.
[2026-05-31T22:02:04.228Z] INFO: IMAP session closed.
[2026-05-31T22:03:00.028Z] INFO: Running Gmail parser job.
[2026-05-31T22:03:02.873Z] INFO: Connected to IMAP server.
[2026-05-31T22:03:04.077Z] INFO: Found 0 unread emails.
[2026-05-31T22:03:04.383Z] INFO: IMAP session closed.
[2026-05-31T22:03:59.221Z] INFO: Starting Gmail worker.
[2026-05-31T22:03:59.246Z] INFO: server running on port 5000
[2026-05-31T22:04:00.032Z] INFO: Running Gmail parser job.
[2026-05-31T22:04:03.865Z] ERROR: Command failed
[2026-05-31T22:05:00.064Z] INFO: Running Gmail parser job.
[2026-05-31T22:05:03.882Z] ERROR: Command failed
[2026-05-31T22:06:00.049Z] INFO: Running Gmail parser job.
[2026-05-31T22:06:03.862Z] ERROR: Command failed
[2026-05-31T22:06:33.975Z] INFO: Starting Gmail worker.
[2026-05-31T22:06:33.999Z] INFO: server running on port 5000
[2026-05-31T22:07:00.040Z] INFO: Running Gmail parser job.
[2026-05-31T22:07:03.945Z] ERROR: Command failed
[2026-05-31T22:08:00.049Z] INFO: Running Gmail parser job.
[2026-05-31T22:08:03.888Z] ERROR: Command failed
[2026-05-31T22:09:00.027Z] INFO: Running Gmail parser job.
[2026-05-31T22:09:03.845Z] ERROR: Command failed
[2026-05-31T22:10:00.034Z] INFO: Running Gmail parser job.
[2026-05-31T22:10:03.888Z] ERROR: Command failed
[2026-05-31T22:11:00.025Z] INFO: Running Gmail parser job.
[2026-05-31T22:11:03.882Z] ERROR: Command failed
[2026-05-31T22:12:00.028Z] INFO: Running Gmail parser job.
[2026-05-31T22:12:03.981Z] ERROR: Command failed
[2026-05-31T22:13:00.018Z] INFO: Running Gmail parser job.
[2026-05-31T22:13:04.280Z] ERROR: Command failed
[2026-05-31T22:14:00.050Z] INFO: Running Gmail parser job.
[2026-05-31T22:14:04.105Z] ERROR: Command failed
[2026-05-31T22:15:13.179Z] INFO: Starting Gmail worker.
[2026-05-31T22:15:13.201Z] INFO: server running on port 5000
[2026-05-31T22:16:00.042Z] INFO: Running Gmail parser job.
[2026-05-31T22:16:03.951Z] ERROR: Command failed
[2026-05-31T22:16:41.708Z] INFO: Starting Gmail worker.
[2026-05-31T22:16:41.728Z] INFO: server running on port 5000
[2026-05-31T22:17:00.033Z] INFO: Running Gmail parser job.
[2026-05-31T22:17:02.899Z] INFO: Connected to IMAP server.
[2026-05-31T22:17:04.132Z] INFO: Found 0 unread emails.
[2026-05-31T22:17:04.459Z] INFO: IMAP session closed.
[2026-05-31T22:18:00.043Z] INFO: Running Gmail parser job.
[2026-05-31T22:18:02.942Z] INFO: Connected to IMAP server.
[2026-05-31T22:18:04.155Z] INFO: Found 0 unread emails.
[2026-05-31T22:18:04.462Z] INFO: IMAP session closed.
[2026-05-31T22:19:00.049Z] INFO: Running Gmail parser job.
[2026-05-31T22:19:03.024Z] INFO: Connected to IMAP server.
[2026-05-31T22:19:04.272Z] INFO: Found 0 unread emails.
[2026-05-31T22:19:04.591Z] INFO: IMAP session closed.
[2026-05-31T22:20:00.022Z] INFO: Running Gmail parser job.
[2026-05-31T22:20:02.838Z] INFO: Connected to IMAP server.
[2026-05-31T22:20:04.007Z] INFO: Found 0 unread emails.
[2026-05-31T22:20:04.301Z] INFO: IMAP session closed.
[2026-05-31T22:20:58.555Z] INFO: Starting Gmail worker.
[2026-05-31T22:20:58.587Z] INFO: server running on port 5000
[2026-05-31T22:21:00.045Z] INFO: Running Gmail parser job.
[2026-05-31T22:21:02.915Z] INFO: Connected to IMAP server.
[2026-05-31T22:21:04.084Z] INFO: Found 1 unread emails.
[2026-05-31T22:21:04.701Z] ERROR: input.once is not a function
[2026-05-31T22:21:05.346Z] INFO: IMAP session closed.
[2026-05-31T22:22:00.073Z] INFO: Running Gmail parser job.
[2026-05-31T22:22:02.934Z] INFO: Connected to IMAP server.
[2026-05-31T22:22:04.186Z] INFO: Found 0 unread emails.
[2026-05-31T22:22:04.500Z] INFO: IMAP session closed.
[2026-05-31T22:23:00.037Z] INFO: Running Gmail parser job.
[2026-05-31T22:23:02.886Z] INFO: Connected to IMAP server.
[2026-05-31T22:23:04.118Z] INFO: Found 0 unread emails.
[2026-05-31T22:23:04.436Z] INFO: IMAP session closed.
[2026-05-31T22:24:00.028Z] INFO: Running Gmail parser job.
[2026-05-31T22:24:02.783Z] INFO: Connected to IMAP server.
[2026-05-31T22:24:03.952Z] INFO: Found 0 unread emails.
[2026-05-31T22:24:04.241Z] INFO: IMAP session closed.
[2026-05-31T22:25:00.028Z] INFO: Running Gmail parser job.
[2026-05-31T22:25:02.929Z] INFO: Connected to IMAP server.
[2026-05-31T22:25:04.109Z] INFO: Found 0 unread emails.
[2026-05-31T22:25:04.407Z] INFO: IMAP session closed.
[2026-05-31T22:26:00.021Z] INFO: Running Gmail parser job.
[2026-05-31T22:26:02.707Z] INFO: Connected to IMAP server.
[2026-05-31T22:26:03.870Z] INFO: Found 0 unread emails.
[2026-05-31T22:26:04.166Z] INFO: IMAP session closed.
[2026-05-31T22:27:00.023Z] INFO: Running Gmail parser job.
[2026-05-31T22:27:02.808Z] INFO: Connected to IMAP server.
[2026-05-31T22:27:03.990Z] INFO: Found 0 unread emails.
[2026-05-31T22:27:04.301Z] INFO: IMAP session closed.
[2026-05-31T22:28:00.018Z] INFO: Running Gmail parser job.
[2026-05-31T22:28:02.784Z] INFO: Connected to IMAP server.
[2026-05-31T22:28:03.937Z] INFO: Found 0 unread emails.
[2026-05-31T22:28:04.238Z] INFO: IMAP session closed.
[2026-05-31T22:29:00.025Z] INFO: Running Gmail parser job.
[2026-05-31T22:29:02.734Z] INFO: Connected to IMAP server.
[2026-05-31T22:29:03.897Z] INFO: Found 0 unread emails.
[2026-05-31T22:29:04.198Z] INFO: IMAP session closed.
[2026-05-31T22:30:00.039Z] INFO: Running Gmail parser job.
[2026-05-31T22:30:03.570Z] INFO: Connected to IMAP server.
[2026-05-31T22:30:04.832Z] INFO: Found 0 unread emails.
[2026-05-31T22:30:05.117Z] INFO: IMAP session closed.
[2026-05-31T22:37:51.528Z] INFO: Starting Gmail worker.
[2026-05-31T22:37:51.575Z] INFO: server running on port 5000
[2026-05-31T22:37:54.438Z] INFO: Connected to IMAP server.
[2026-05-31T22:37:55.868Z] INFO: Found 0 unread emails.
[2026-05-31T22:37:56.223Z] INFO: IMAP session closed.
[2026-05-31T22:38:54.431Z] INFO: Connected to IMAP server.
[2026-05-31T22:38:55.681Z] INFO: Found 0 unread emails.
[2026-05-31T22:38:56.006Z] INFO: IMAP session closed.
[2026-05-31T22:39:54.234Z] INFO: Connected to IMAP server.
[2026-05-31T22:39:55.411Z] INFO: Found 0 unread emails.
[2026-05-31T22:39:55.720Z] INFO: IMAP session closed.
[2026-05-31T22:40:34.612Z] INFO: Starting Gmail worker.
[2026-05-31T22:40:34.648Z] INFO: server running on port 5000
[2026-05-31T22:40:37.591Z] INFO: Connected to IMAP server.
[2026-05-31T22:40:38.813Z] INFO: Found 0 unread emails.
[2026-05-31T22:40:39.122Z] INFO: IMAP session closed.
[2026-05-31T22:41:37.525Z] INFO: Connected to IMAP server.
[2026-05-31T22:41:38.742Z] INFO: Found 0 unread emails.
[2026-05-31T22:41:39.039Z] INFO: IMAP session closed.
[2026-05-31T22:42:37.545Z] INFO: Connected to IMAP server.
[2026-05-31T22:42:38.783Z] INFO: Found 0 unread emails.
[2026-05-31T22:42:39.078Z] INFO: IMAP session closed.
[2026-05-31T22:43:37.512Z] INFO: Connected to IMAP server.
[2026-05-31T22:43:38.670Z] INFO: Found 1 unread emails.
[2026-05-31T22:43:41.060Z] INFO: XM account saved: 92432665
[2026-05-31T22:43:41.063Z] ERROR: Cannot read properties of undefined (reading 'create')
[2026-05-31T22:43:41.694Z] INFO: IMAP session closed.
[2026-05-31T22:44:24.487Z] INFO: Starting Gmail worker.
[2026-05-31T22:44:24.523Z] INFO: server running on port 5000
[2026-05-31T22:44:28.667Z] INFO: Connected to IMAP server.
[2026-05-31T22:44:30.747Z] INFO: Found 2 unread emails.
[2026-05-31T22:44:33.922Z] INFO: Duplicate XM account skipped: 92432665
[2026-05-31T22:44:33.923Z] ERROR: Cannot read properties of undefined (reading 'create')
[2026-05-31T22:44:35.662Z] INFO: XM account saved: 335320929
[2026-05-31T22:44:35.663Z] ERROR: Cannot read properties of undefined (reading 'create')
[2026-05-31T22:44:36.342Z] INFO: IMAP session closed.
[2026-05-31T22:45:27.387Z] INFO: Connected to IMAP server.
[2026-05-31T22:45:28.599Z] INFO: Found 0 unread emails.
[2026-05-31T22:45:28.898Z] INFO: IMAP session closed.
[2026-06-01T13:02:35.324Z] INFO: Starting Gmail worker.
[2026-06-01T13:02:35.548Z] INFO: Starting fulfillment worker.
[2026-06-01T13:02:35.712Z] INFO: server running on port 5000
[2026-06-01T13:02:39.946Z] INFO: Connected to IMAP server.
[2026-06-01T13:02:41.313Z] INFO: Found 0 unread emails.
[2026-06-01T13:02:41.689Z] INFO: IMAP session closed.
[2026-06-01T13:03:01.643Z] INFO: Processing 0 fulfillment jobs.
[2026-06-01T13:03:39.650Z] INFO: Connected to IMAP server.
[2026-06-01T13:03:40.995Z] INFO: Found 0 unread emails.
[2026-06-01T13:03:41.321Z] INFO: IMAP session closed.
[2026-06-01T13:04:01.355Z] INFO: Processing 0 fulfillment jobs.
[2026-06-01T13:04:38.558Z] INFO: Connected to IMAP server.
[2026-06-01T13:04:39.879Z] INFO: Found 0 unread emails.
[2026-06-01T13:04:40.202Z] INFO: IMAP session closed.
[2026-06-01T13:05:01.260Z] INFO: Processing 0 fulfillment jobs.
[2026-06-01T13:05:38.663Z] INFO: Connected to IMAP server.
[2026-06-01T13:05:40.070Z] INFO: Found 0 unread emails.
[2026-06-01T13:05:40.423Z] INFO: IMAP session closed.
[2026-06-01T13:06:01.252Z] INFO: Processing 0 fulfillment jobs.
[2026-06-01T13:06:38.674Z] INFO: Connected to IMAP server.
[2026-06-01T13:06:40.007Z] INFO: Found 0 unread emails.
[2026-06-01T13:06:40.338Z] INFO: IMAP session closed.
[2026-06-01T13:07:01.262Z] INFO: Processing 0 fulfillment jobs.
[2026-06-01T13:07:40.713Z] INFO: Connected to IMAP server.
[2026-06-01T13:07:42.073Z] INFO: Found 0 unread emails.
[2026-06-01T13:07:42.434Z] INFO: IMAP session closed.
[2026-06-01T13:08:01.236Z] INFO: Processing 0 fulfillment jobs.
[2026-06-01T13:08:38.684Z] INFO: Connected to IMAP server.
[2026-06-01T13:08:40.192Z] INFO: Found 0 unread emails.
[2026-06-01T13:08:40.515Z] INFO: IMAP session closed.
[2026-06-01T13:09:01.184Z] INFO: Processing 0 fulfillment jobs.
[2026-06-01T13:09:38.553Z] INFO: Connected to IMAP server.
[2026-06-01T13:09:40.038Z] INFO: Found 0 unread emails.
[2026-06-01T13:09:40.401Z] INFO: IMAP session closed.
[2026-06-01T13:10:01.187Z] INFO: Processing 0 fulfillment jobs.
[2026-06-01T13:10:39.836Z] INFO: Connected to IMAP server.
[2026-06-01T13:10:41.252Z] INFO: Found 0 unread emails.
[2026-06-01T13:10:41.581Z] INFO: IMAP session closed.
[2026-06-01T13:11:01.197Z] INFO: Processing 0 fulfillment jobs.
[2026-06-01T13:11:38.892Z] INFO: Connected to IMAP server.
[2026-06-01T13:11:40.191Z] INFO: Found 0 unread emails.
[2026-06-01T13:11:40.516Z] INFO: IMAP session closed.
[2026-06-01T13:12:01.173Z] INFO: Processing 0 fulfillment jobs.
[2026-06-01T13:12:38.533Z] INFO: Connected to IMAP server.
[2026-06-01T13:12:39.834Z] INFO: Found 0 unread emails.
[2026-06-01T13:12:40.222Z] INFO: IMAP session closed.
[2026-06-01T13:13:01.205Z] INFO: Processing 0 fulfillment jobs.
[2026-06-01T13:13:38.601Z] INFO: Connected to IMAP server.
[2026-06-01T13:13:39.931Z] INFO: Found 0 unread emails.
[2026-06-01T13:13:40.326Z] INFO: IMAP session closed.
[2026-06-01T13:14:01.423Z] INFO: Processing 0 fulfillment jobs.
[2026-06-01T13:14:38.605Z] INFO: Connected to IMAP server.
[2026-06-01T13:14:40.025Z] INFO: Found 0 unread emails.
[2026-06-01T13:14:40.353Z] INFO: IMAP session closed.
[2026-06-01T13:15:01.226Z] INFO: Processing 0 fulfillment jobs.
[2026-06-01T13:15:38.715Z] INFO: Connected to IMAP server.
[2026-06-01T13:15:40.131Z] INFO: Found 0 unread emails.
[2026-06-01T13:15:40.462Z] INFO: IMAP session closed.
[2026-06-01T13:16:01.225Z] INFO: Processing 0 fulfillment jobs.
[2026-06-01T13:16:28.591Z] ERROR: Expected property name or '}' in JSON at position 7 (line 2 column 5)
[2026-06-01T13:16:38.834Z] INFO: Connected to IMAP server.
[2026-06-01T13:16:40.350Z] INFO: Found 0 unread emails.
[2026-06-01T13:16:40.728Z] INFO: IMAP session closed.
[2026-06-01T13:17:01.340Z] INFO: Processing 0 fulfillment jobs.
[2026-06-01T13:17:40.670Z] INFO: Connected to IMAP server.
[2026-06-01T13:17:42.191Z] INFO: Found 0 unread emails.
[2026-06-01T13:17:42.514Z] INFO: IMAP session closed.
[2026-06-01T13:18:01.224Z] INFO: Processing 0 fulfillment jobs.
[2026-06-01T13:18:38.661Z] INFO: Connected to IMAP server.
[2026-06-01T13:18:39.985Z] INFO: Found 0 unread emails.
[2026-06-01T13:18:40.309Z] INFO: IMAP session closed.
[2026-06-01T13:19:01.347Z] INFO: Processing 0 fulfillment jobs.
[2026-06-01T13:19:38.750Z] INFO: Connected to IMAP server.
[2026-06-01T13:19:40.087Z] INFO: Found 0 unread emails.
[2026-06-01T13:19:40.415Z] INFO: IMAP session closed.
[2026-06-01T13:20:01.278Z] INFO: Processing 0 fulfillment jobs.
[2026-06-01T13:20:38.589Z] INFO: Connected to IMAP server.
[2026-06-01T13:20:39.876Z] INFO: Found 0 unread emails.
[2026-06-01T13:20:40.241Z] INFO: IMAP session closed.
[2026-06-01T13:21:01.203Z] INFO: Processing 0 fulfillment jobs.
[2026-06-01T13:21:38.841Z] INFO: Connected to IMAP server.
[2026-06-01T13:21:40.171Z] INFO: Found 0 unread emails.
[2026-06-01T13:21:40.498Z] INFO: IMAP session closed.
[2026-06-01T13:22:01.225Z] INFO: Processing 0 fulfillment jobs.
[2026-06-01T13:22:38.759Z] INFO: Connected to IMAP server.
[2026-06-01T13:22:40.183Z] INFO: Found 0 unread emails.
[2026-06-01T13:22:40.503Z] INFO: IMAP session closed.
[2026-06-01T13:23:01.204Z] INFO: Processing 0 fulfillment jobs.
[2026-06-01T13:23:40.060Z] INFO: Connected to IMAP server.
[2026-06-01T13:23:41.486Z] INFO: Found 0 unread emails.
[2026-06-01T13:23:41.825Z] INFO: IMAP session closed.
[2026-06-01T13:24:01.180Z] INFO: Processing 0 fulfillment jobs.
[2026-06-01T13:24:41.114Z] INFO: Connected to IMAP server.
[2026-06-01T13:24:42.465Z] INFO: Found 0 unread emails.
[2026-06-01T13:24:42.789Z] INFO: IMAP session closed.
[2026-06-01T13:25:01.289Z] INFO: Processing 0 fulfillment jobs.
[2026-06-01T13:25:39.905Z] INFO: Connected to IMAP server.
[2026-06-01T13:25:41.429Z] INFO: Found 0 unread emails.
[2026-06-01T13:25:41.751Z] INFO: IMAP session closed.
[2026-06-01T13:26:01.296Z] INFO: Processing 0 fulfillment jobs.
[2026-06-01T13:26:38.640Z] INFO: Connected to IMAP server.
[2026-06-01T13:26:39.938Z] INFO: Found 0 unread emails.
[2026-06-01T13:26:40.260Z] INFO: IMAP session closed.
[2026-06-01T13:27:01.220Z] INFO: Processing 0 fulfillment jobs.
[2026-06-01T13:27:40.899Z] INFO: Connected to IMAP server.
[2026-06-01T13:27:42.263Z] INFO: Found 0 unread emails.
[2026-06-01T13:27:42.588Z] INFO: IMAP session closed.
[2026-06-01T13:28:01.179Z] INFO: Processing 0 fulfillment jobs.
[2026-06-01T13:28:38.711Z] INFO: Connected to IMAP server.
[2026-06-01T13:28:40.224Z] INFO: Found 0 unread emails.
[2026-06-01T13:28:40.634Z] INFO: IMAP session closed.
[2026-06-01T13:29:01.182Z] INFO: Processing 0 fulfillment jobs.
[2026-06-01T13:29:38.708Z] INFO: Connected to IMAP server.
[2026-06-01T13:29:40.057Z] INFO: Found 0 unread emails.
[2026-06-01T13:29:40.435Z] INFO: IMAP session closed.
[2026-06-01T13:30:01.220Z] INFO: Processing 0 fulfillment jobs.
[2026-06-01T13:30:38.857Z] INFO: Connected to IMAP server.
[2026-06-01T13:30:40.184Z] INFO: Found 0 unread emails.
[2026-06-01T13:30:40.510Z] INFO: IMAP session closed.
[2026-06-01T13:31:01.490Z] INFO: Processing 0 fulfillment jobs.
[2026-06-01T13:31:38.902Z] INFO: Connected to IMAP server.
[2026-06-01T13:31:40.337Z] INFO: Found 0 unread emails.
[2026-06-01T13:31:40.666Z] INFO: IMAP session closed.
[2026-06-01T13:32:01.158Z] INFO: Processing 0 fulfillment jobs.
[2026-06-01T13:32:38.714Z] INFO: Connected to IMAP server.
[2026-06-01T13:32:40.014Z] INFO: Found 0 unread emails.
[2026-06-01T13:32:40.336Z] INFO: IMAP session closed.
[2026-06-01T13:33:01.238Z] INFO: Processing 0 fulfillment jobs.
[2026-06-01T13:33:38.779Z] INFO: Connected to IMAP server.
[2026-06-01T13:33:40.195Z] INFO: Found 0 unread emails.
[2026-06-01T13:33:40.523Z] INFO: IMAP session closed.
[2026-06-01T13:34:01.145Z] INFO: Processing 0 fulfillment jobs.
[2026-06-01T13:34:38.733Z] INFO: Connected to IMAP server.
[2026-06-01T13:34:40.025Z] INFO: Found 0 unread emails.
[2026-06-01T13:34:40.347Z] INFO: IMAP session closed.
[2026-06-01T13:35:01.504Z] INFO: Processing 0 fulfillment jobs.
[2026-06-01T13:35:38.729Z] INFO: Connected to IMAP server.
[2026-06-01T13:35:40.090Z] INFO: Found 0 unread emails.
[2026-06-01T13:35:40.410Z] INFO: IMAP session closed.
[2026-06-01T13:36:01.201Z] INFO: Processing 0 fulfillment jobs.
[2026-06-01T13:36:38.845Z] INFO: Connected to IMAP server.
[2026-06-01T13:36:40.217Z] INFO: Found 0 unread emails.
[2026-06-01T13:36:40.581Z] INFO: IMAP session closed.
[2026-06-01T13:37:01.181Z] INFO: Processing 0 fulfillment jobs.
[2026-06-01T13:37:38.970Z] INFO: Connected to IMAP server.
[2026-06-01T13:37:40.302Z] INFO: Found 0 unread emails.
[2026-06-01T13:37:40.631Z] INFO: IMAP session closed.
[2026-06-01T13:38:01.244Z] INFO: Processing 0 fulfillment jobs.
[2026-06-01T13:38:38.787Z] INFO: Connected to IMAP server.
[2026-06-01T13:38:40.185Z] INFO: Found 0 unread emails.
[2026-06-01T13:38:40.514Z] INFO: IMAP session closed.
[2026-06-01T13:39:01.260Z] INFO: Processing 0 fulfillment jobs.
[2026-06-01T13:39:38.795Z] INFO: Connected to IMAP server.
[2026-06-01T13:39:40.211Z] INFO: Found 0 unread emails.
[2026-06-01T13:39:40.805Z] INFO: IMAP session closed.
